<!doctype html>

<html lang="en">
<head>
    <meta charset="utf-8">
    <meta name="viewport" content="width=device-width, initial-scale=1">
    <meta name="author" content="author">
    <title>title</title>
    <meta name="description" content="long description">
</head>
<body>
<main>
<article>
</article>
</main>
</body>
</html>
