<!doctype html>

<html lang="en">
<head>
    <meta charset="utf-8">
    <meta name="viewport" content="width=device-width, initial-scale=1">
<title>Test Meta</title>
<meta property="og:title" content="Test Meta">
<meta name="author" content="Benjamin Ogles">
<meta name="description" content="A test for lit: a literate programming tool">
<meta property="og:description" content="A test for lit: a literate programming tool">
<meta property="og:url" content="https://github.com/benjaminogles">
<meta property="og:image" content="image.png">
<meta name="description" content="Embedding site metadata in source code comments">
<meta property="og:description" content="Embedding site metadata in source code comments">
</head>
<body>
<main>
<article>
</article>
</main>
</body>
</html>
